C51 COMPILER V9.60.0.0   GF68_8051_MAIN                                                    03/12/2021 13:42:19 PAGE 1   


C51 COMPILER V9.60.0.0, COMPILATION OF MODULE GF68_8051_MAIN
OBJECT MODULE PLACED IN .\src\GF68_8051_main.OBJ
COMPILER INVOKED BY: d:\8051_mcu_ide\install\developer\toolchains\keil_8051\9.60\BIN\C51.exe D:\8051_mcu_ide\install\GF6
                    -8_8051\src\GF68_8051_main.c OMF2 SMALL DEBUG OBJECTEXTEND ROM(LARGE) WARNINGLEVEL(2) FLOATFUZZY(3) OPTIMIZE(8,SPEED) INT
                    -VECTOR(0X0000) INTPROMOTE INCDIR(D:/8051_mcu_ide/install/developer/sdks/8051/v4.1.5//Device/shared/si8051Base;D:/8051_mc
                    -u_ide/install/developer/sdks/8051/v4.1.5//Device/C8051F300/inc) PRINT(.\src\GF68_8051_main.lst) COND PAGEWIDTH(120) PAGE
                    -LENGTH(65) OBJECT(.\src\GF68_8051_main.OBJ)

line level    source

   1          //-----------------------------------------------------------------------------
   2          // Includes
   3          //-----------------------------------------------------------------------------
   4          #include <SI_C8051F300_Register_Enums.h>                // SFR declarations
   5          
   6          //P2 default output low
   7          //P4 latch 1
   8          
   9          //-----------------------------------------------------------------------------
  10          // SiLabs_Startup() Routine
  11          // ----------------------------------------------------------------------------
  12          // This function is called immediately after reset, before the initialization
  13          // code is run in SILABS_STARTUP.A51 (which runs before main() ). This is a
  14          // useful place to disable the watchdog timer, which is enable by default
  15          // and may trigger before main() in some instances.
  16          //-----------------------------------------------------------------------------
  17          void SiLabs_Startup (void)
  18          {
  19   1              PCA0MD &= ~0x40; // Disable the watchdog here
  20   1      }
  21          
  22          
  23          INTERRUPT_PROTO(Timer2_ISR, 5);
  24          void Timer2_Init(void);
  25          void Timer2_Disable(void);
  26          void Timer2_Enable(void);
  27          void Init_Device(void);
  28          void Interrupts_Init(void);
  29          unsigned char CheckP0B4PressTime(unsigned short Min, unsigned short Max);
  30          void wait_ms(unsigned short m_second);
  31          void Set_Timer0(void);
  32          void Start_Stop_timer(void);
  33          unsigned char PWM_toggle(void);
  34          unsigned char calculate_pwm_frequency (void);
  35          
  36          #define  POWEROFF     0x00
  37          #define  STARTUP      0x01
  38          #define  IDLE         0x02
  39          #define  BOOT_FAIL    0x03
  40          
  41          unsigned char BootStage;
  42          unsigned char BootFlag;
  43          
  44          unsigned short timer2recording = 0x0000;
  45          unsigned char TL0Temp = 0x00;
  46          unsigned char TH0Temp = 0x00;
  47          
  48          //-----------------------------------------------------------------------------
  49          // main() Routine
  50          // ----------------------------------------------------------------------------
  51          // Note: the software watchdog timer is not disabled by default in this
  52          // example, so a long-running program will reset periodically unless
C51 COMPILER V9.60.0.0   GF68_8051_MAIN                                                    03/12/2021 13:42:19 PAGE 2   

  53          // the timer is disabled or your program periodically writes to it.
  54          //
  55          // Review the "Watchdog Timer" section under the part family's datasheet
  56          // for details. To find the datasheet, select your part in the
  57          // Simplicity Launcher and click on "Data Sheet".
  58          //-----------------------------------------------------------------------------
  59          int main (void)
  60          {
  61   1              Init_Device();
  62   1              Timer2_Init();
  63   1              Timer2_Disable();
  64   1              Interrupts_Init();
  65   1      
  66   1              BootFlag = 0x01;
  67   1              BootStage = STARTUP;
  68   1      
  69   1              while (1)
  70   1              {
  71   2                      switch(BootStage)
  72   2                      {
  73   3                      case STARTUP:
  74   3                              if(BootFlag == 0x01)
  75   3                              {
  76   4                                      if(CheckP0B4PressTime(16,500))
  77   4                                      {
  78   5                                              BootFlag = 0x02;
  79   5                                              Timer2_Enable();
  80   5                                      }
  81   4                              }
  82   3                              else if(BootFlag == 0x02)
  83   3                              {
  84   4                                      if(!P0_B6)
  85   4                                      {
  86   5                                              while(!P0_B6)
  87   5                                              {
  88   6                                                      if(timer2recording > 5000)
  89   6                                                      {
  90   7                                                              BootFlag = 0x01;
  91   7                                                              BootStage = BOOT_FAIL;
  92   7                                                              Timer2_Disable();
  93   7                                                              break;
  94   7                                                      }
  95   6                                              }
  96   5                                      }
  97   4      
  98   4                                      if((P0_B6) && (BootFlag == 0x02))
  99   4                                      {
 100   5                                              BootFlag = 0x03;
 101   5                                              Timer2_Disable();
 102   5                                              Timer2_Enable();
 103   5                                      }
 104   4                              }
 105   3                              else if(BootFlag == 0x03)
 106   3                              {
 107   4                                      if(timer2recording > 55000)
 108   4                                      {
 109   5                                              BootFlag = 0x01;
 110   5                                              BootStage = BOOT_FAIL;
 111   5                                              Timer2_Disable();
 112   5                                              break;
 113   5                                      }
 114   4      
 115   4                                      if(!P0_B6)
C51 COMPILER V9.60.0.0   GF68_8051_MAIN                                                    03/12/2021 13:42:19 PAGE 3   

 116   4                                      {
 117   5                                              BootFlag = 0x01;
 118   5                                              BootStage = BOOT_FAIL;
 119   5                                              Timer2_Disable();
 120   5                                              break;
 121   5                                      }
 122   4      
 123   4                                      if(calculate_pwm_frequency() ==1)
 124   4                                      {
 125   5                                              BootFlag = 0x11;
 126   5                                              BootStage = IDLE;
 127   5                                              Timer2_Disable();
 128   5                                      }
 129   4                              }
 130   3                              break;
 131   3                      case IDLE:
 132   3                              if(BootFlag == 0x11)
 133   3                              {
 134   4                                      if(!P0_B6)
 135   4                                      {
 136   5                                              while(!P0_B6)
 137   5                                              {
 138   6                                                      if(CheckP0B4PressTime(16,500))
 139   6                                                      {
 140   7                                                              BootFlag = 0x02;
 141   7                                                              BootStage = STARTUP;
 142   7                                                              Timer2_Enable();
 143   7                                                              break;
 144   7                                                      }
 145   6                                              }
 146   5      
 147   5                                              if((P0_B6) && (BootFlag == 0x11))
 148   5                                              {
 149   6                                                      BootFlag = 0x12;
 150   6                                              }
 151   5                                      }
 152   4                              }
 153   3                              else if(BootFlag == 0x12)
 154   3                              {
 155   4                                      BootFlag = 0x03;
 156   4                                      BootStage = STARTUP;
 157   4                                      Timer2_Enable();
 158   4                              }
 159   3                              break;
 160   3                      case BOOT_FAIL:
 161   3                              P0_B3=0;
 162   3                              wait_ms(5);
 163   3                              P0_B2=1;
 164   3                              wait_ms(5);
 165   3                              P0_B2=0;
 166   3                              wait_ms(5);
 167   3                              P0_B3=1;
 168   3                              wait_ms(10);
 169   3                              P0_B0=0;
 170   3                              wait_ms(100);
 171   3                              P0_B0=1;
 172   3                              BootStage = STARTUP;
 173   3                              BootFlag = 0x01;
 174   3                              break;
 175   3                      case POWEROFF:
 176   3                              break;
 177   3                      }
 178   2      
C51 COMPILER V9.60.0.0   GF68_8051_MAIN                                                    03/12/2021 13:42:19 PAGE 4   

 179   2              }                             // Spin forever
 180   1      }
 181          
 182          unsigned char CheckP0B4PressTime(unsigned short Min, unsigned short Max)
 183          {
 184   1              unsigned short checkloop = 0;
 185   1      
 186   1              for(checkloop=0;checkloop<=0xffff;checkloop++)
 187   1              {
 188   2                      if(!P0_B4)  wait_ms(1);
 189   2                      else break;
 190   2              }
 191   1      
 192   1              if((checkloop > Min) && (checkloop < Max))
 193   1                      return 1;
 194   1      
 195   1              return 0;
 196   1      }
 197          
 198          /*----------------------------------------------------------------------*/
 199          /* Calculate PWM frequency 1KHz*/
 200          // 255KHz Sample Rate, So 200-300 conters
 201          unsigned char calculate_pwm_frequency ()
 202          {
 203   1      #if 0
                      unsigned short timercount = 0x0000;
                      Set_Timer0();
                      Start_Stop_timer();
                      timercount = (TH0Temp<<8)| TL0Temp;
              
                      if(timercount>= 232 && timercount <= 283) return 1;             // 1KHz range 0.9KHz~1.1KHz
                      else if(timercount>= 120 && timercount <= 160) return 2;        // 1.82KHz      1.60KHz~2.13KHz
                      else if (timercount >=77 && timercount <=94 ) return 3;         // about 2.7KHz~3.3KHz
                      else if(timercount >=23 && timercount <=28 ) return 10;         // about 9KHz~11Hz for USB reset
                      else return false;                                                                      // other false
              #endif
 215   1              return 1;
 216   1      }
 217          
 218          void Set_Timer0()
 219          {
 220   1                      TMOD &= ~0x0F;
 221   1                      TMOD |=  0x01;
 222   1                      CKCON |= 0x04;
 223   1                      TCON_TR0=0;
 224   1                      TCON_TF0=0;
 225   1                      TH0=0;
 226   1                      TL0=0;
 227   1      
 228   1      }
 229          
 230          void Start_Stop_timer()
 231          {
 232   1              if(PWM_toggle())
 233   1              {
 234   2      
 235   2                      TCON_TR0=1;
 236   2      
 237   2                      if(PWM_toggle())
 238   2                      {
 239   3                              TCON_TR0=0;
 240   3                              TL0Temp= TL0;
 241   3                              TH0Temp= TH0;
C51 COMPILER V9.60.0.0   GF68_8051_MAIN                                                    03/12/2021 13:42:19 PAGE 5   

 242   3                      }
 243   2              }
 244   1      }
 245          
 246          unsigned char PWM_toggle()
 247          {
 248   1              unsigned long i,j;
 249   1      
 250   1              for(i=0;i<=0xfff;i++)
 251   1              {
 252   2                      if(!P0_B7)break;
 253   2                      i+=1;
 254   2              }
 255   1      
 256   1              for(j=0;j<=0xfff;j++)
 257   1              {
 258   2                      if(P0_B7)break;
 259   2                      j+=1;
 260   2              }
 261   1              return true;
 262   1      }
 263          
 264          void Interrupts_Init()
 265          {
 266   1              IE_EA = 1;
 267   1              IE_ET2 = 1;
 268   1      }
 269          // Peripheral specific initialization functions,
 270          // Called from the Init_Device() function
 271          void Port_IO_Init()
 272          {
 273   1          // P0.0  -  Unassigned,  Push-Pull,  Digital
 274   1          // P0.1  -  Unassigned,  Open-Drain, Digital
 275   1          // P0.2  -  Unassigned,  Push-Pull,  Digital
 276   1          // P0.3  -  Unassigned,  Push-Pull,  Digital
 277   1          // P0.4  -  Unassigned,  Open-Drain, Digital
 278   1          // P0.5  -  Unassigned,  Push-Pull,  Digital
 279   1          // P0.6  -  Unassigned,  Open-Drain, Digital
 280   1          // P0.7  -  Unassigned,  Open-Drain, Digital
 281   1      
 282   1          P0MDOUT   |= 0x2D;
 283   1          P0        &= ~0x04;
 284   1          XBR2      = 0xC0;
 285   1      }
 286          
 287          // Initialization function for device,
 288          // Call Init_Device() from your main program
 289          void Init_Device(void)
 290          {
 291   1          Port_IO_Init();
 292   1      }
 293          
 294          /*----------------------------------------------------------------------*/
 295          /* ms delay routine */
 296          void wait_ms(unsigned short m_second)
 297          {
 298   1      
 299   1              TCON &= ~0xC0;
 300   1          TMOD &= ~0xF0;
 301   1          TMOD |=  0x10;
 302   1          CKCON |= 0x10;
 303   1      
 304   1              while (m_second)
C51 COMPILER V9.60.0.0   GF68_8051_MAIN                                                    03/12/2021 13:42:19 PAGE 6   

 305   1              {
 306   2                      //TR1 = 0;
 307   2                      TCON &= ~0x40;
 308   2                      TH1 = 0xF4;
 309   2                      TL1 = 0x09;
 310   2                      //TF1 = 0;
 311   2                      TCON &= ~0x80;          /* Clear overflow indicator*/
 312   2                      //TR1 = 1;
 313   2                      TCON |= 0x40;
 314   2                      while (!(CKCON & 0x80))
 315   2                      {
 316   3                              _nop_();
 317   3                      }
 318   2                      m_second--;
 319   2              }
 320   1          //TR1 = 0;
 321   1          TCON &= ~0x40;                      /* Stop Timer1 */
 322   1      }
 323          
 324          
 325          /*
 326          void Timer2_Init(void)
 327          {
 328             CKCON &= ~0x60;                     // Timer2 uses SYSCLK/12
 329             TMR2CN &= ~0x01;
 330          
 331             TMR2RL = TIMER2_RELOAD;             // Reload value to be used in Timer2
 332             TMR2 = TMR2RL;                      // Init the Timer2 register
 333          
 334             TMR2CN = 0x04;                      // Enable Timer2 in auto-reload mode
 335             IE_ET2 = 1;                            // Timer2 interrupt enabled
 336          }
 337          */
 338          
 339          void Timer2_Init(void)
 340          {
 341   1              TMR2CN = 0x00;          // 16bit自动装载方式
 342   1              TMR2RLL = 0x4F;         // 设定100ms
 343   1              TMR2RLH = 0x9C;
 344   1      
 345   1              TMR2L = 0x4F;
 346   1              TMR2H = 0x9C;
 347   1      
 348   1              //TR2 = 1;
 349   1              TMR2CN_TR2 = 0;                         // enable timer2
 350   1      }
 351          
 352          void Timer2_Disable(void)
 353          {
 354   1      
 355   1              //timer2recording = 0x0000;     //clear count
 356   1              //TR2 = 0;
 357   1              TMR2CN_TR2 = 0;                         // Disable timer2
 358   1              timer2recording = 0x0000;
 359   1      }
 360          
 361          void Timer2_Enable(void)
 362          {
 363   1              timer2recording = 0x0000;
 364   1              //TR2 = 1;
 365   1              TMR2CN_TR2 = 1;                         // Enable timer2
 366   1              //ET2 = 1;
 367   1              IE_ET2 = 1;                             // Enable Timer2 interrupt
C51 COMPILER V9.60.0.0   GF68_8051_MAIN                                                    03/12/2021 13:42:19 PAGE 7   

 368   1              //EA = 1;                                       // Enable All interrupt control
 369   1      }
 370          
 371          //-----------------------------------------------------------------------------
 372          // Interrupt Service Routines
 373          //-----------------------------------------------------------------------------
 374          
 375          //-----------------------------------------------------------------------------
 376          // Timer2_ISR
 377          //-----------------------------------------------------------------------------
 378          //
 379          // Here we process the Timer2 interrupt and toggle the LED
 380          //
 381          //-----------------------------------------------------------------------------
 382          INTERRUPT_PROTO(Timer2_ISR, 5)
 383          {
 384   1         TMR2CN_TF2H = 0;                           // Reset Interrupt
 385   1         timer2recording++;
 386   1      }


MODULE INFORMATION:   STATIC OVERLAYABLE
   CODE SIZE        =    686    ----
   CONSTANT SIZE    =   ----    ----
   XDATA SIZE       =   ----    ----
   PDATA SIZE       =   ----    ----
   DATA SIZE        =      6      14
   IDATA SIZE       =   ----    ----
   BIT SIZE         =   ----    ----
   EDATA SIZE       =   ----    ----
   HDATA SIZE       =   ----    ----
   XDATA CONST SIZE =   ----    ----
   FAR CONST SIZE   =   ----    ----
END OF MODULE INFORMATION.


C51 COMPILATION COMPLETE.  0 WARNING(S),  0 ERROR(S)
